Archive member included to satisfy reference by file (symbol)

c:/program files/atollic/truestudio for stm32 9.3.0/armtools/bin/../lib/gcc/arm-atollic-eabi/6.3.1/../../../../arm-atollic-eabi/lib/armv7-m\libc_nano.a(lib_a-errno.o)
                              Src\syscalls.o (__errno)
c:/program files/atollic/truestudio for stm32 9.3.0/armtools/bin/../lib/gcc/arm-atollic-eabi/6.3.1/../../../../arm-atollic-eabi/lib/armv7-m\libc_nano.a(lib_a-impure.o)
                              c:/program files/atollic/truestudio for stm32 9.3.0/armtools/bin/../lib/gcc/arm-atollic-eabi/6.3.1/../../../../arm-atollic-eabi/lib/armv7-m\libc_nano.a(lib_a-errno.o) (_impure_ptr)
c:/program files/atollic/truestudio for stm32 9.3.0/armtools/bin/../lib/gcc/arm-atollic-eabi/6.3.1/../../../../arm-atollic-eabi/lib/armv7-m\libc_nano.a(lib_a-init.o)
                              startup\startup_stm32f103xb.o (__libc_init_array)
c:/program files/atollic/truestudio for stm32 9.3.0/armtools/bin/../lib/gcc/arm-atollic-eabi/6.3.1/../../../../arm-atollic-eabi/lib/armv7-m\libc_nano.a(lib_a-memcpy-stub.o)
                              Src\MY_NRF24.o (memcpy)
c:/program files/atollic/truestudio for stm32 9.3.0/armtools/bin/../lib/gcc/arm-atollic-eabi/6.3.1/../../../../arm-atollic-eabi/lib/armv7-m\libc_nano.a(lib_a-memset.o)
                              Drivers\STM32F1xx_HAL_Driver\Src\stm32f1xx_hal_rcc.o (memset)
c:/program files/atollic/truestudio for stm32 9.3.0/armtools/bin/../lib/gcc/arm-atollic-eabi/6.3.1/../../../../arm-atollic-eabi/lib/armv7-m\libc_nano.a(lib_a-sprintf.o)
                              Src\MY_NRF24.o (sprintf)
c:/program files/atollic/truestudio for stm32 9.3.0/armtools/bin/../lib/gcc/arm-atollic-eabi/6.3.1/../../../../arm-atollic-eabi/lib/armv7-m\libc_nano.a(lib_a-strcpy.o)
                              Src\MY_NRF24.o (strcpy)
c:/program files/atollic/truestudio for stm32 9.3.0/armtools/bin/../lib/gcc/arm-atollic-eabi/6.3.1/../../../../arm-atollic-eabi/lib/armv7-m\libc_nano.a(lib_a-strlen.o)
                              Src\MY_NRF24.o (strlen)
c:/program files/atollic/truestudio for stm32 9.3.0/armtools/bin/../lib/gcc/arm-atollic-eabi/6.3.1/../../../../arm-atollic-eabi/lib/armv7-m\libc_nano.a(lib_a-nano-svfprintf.o)
                              c:/program files/atollic/truestudio for stm32 9.3.0/armtools/bin/../lib/gcc/arm-atollic-eabi/6.3.1/../../../../arm-atollic-eabi/lib/armv7-m\libc_nano.a(lib_a-sprintf.o) (_svfprintf_r)
c:/program files/atollic/truestudio for stm32 9.3.0/armtools/bin/../lib/gcc/arm-atollic-eabi/6.3.1/../../../../arm-atollic-eabi/lib/armv7-m\libc_nano.a(lib_a-nano-vfprintf_i.o)
                              c:/program files/atollic/truestudio for stm32 9.3.0/armtools/bin/../lib/gcc/arm-atollic-eabi/6.3.1/../../../../arm-atollic-eabi/lib/armv7-m\libc_nano.a(lib_a-nano-svfprintf.o) (_printf_i)
c:/program files/atollic/truestudio for stm32 9.3.0/armtools/bin/../lib/gcc/arm-atollic-eabi/6.3.1/../../../../arm-atollic-eabi/lib/armv7-m\libc_nano.a(lib_a-memchr-stub.o)
                              c:/program files/atollic/truestudio for stm32 9.3.0/armtools/bin/../lib/gcc/arm-atollic-eabi/6.3.1/../../../../arm-atollic-eabi/lib/armv7-m\libc_nano.a(lib_a-nano-svfprintf.o) (memchr)
c:/program files/atollic/truestudio for stm32 9.3.0/armtools/bin/../lib/gcc/arm-atollic-eabi/6.3.1/../../../../arm-atollic-eabi/lib/armv7-m\libc_nano.a(lib_a-memmove.o)
                              c:/program files/atollic/truestudio for stm32 9.3.0/armtools/bin/../lib/gcc/arm-atollic-eabi/6.3.1/../../../../arm-atollic-eabi/lib/armv7-m\libc_nano.a(lib_a-nano-svfprintf.o) (memmove)
c:/program files/atollic/truestudio for stm32 9.3.0/armtools/bin/../lib/gcc/arm-atollic-eabi/6.3.1/../../../../arm-atollic-eabi/lib/armv7-m\libc_nano.a(lib_a-nano-freer.o)
                              c:/program files/atollic/truestudio for stm32 9.3.0/armtools/bin/../lib/gcc/arm-atollic-eabi/6.3.1/../../../../arm-atollic-eabi/lib/armv7-m\libc_nano.a(lib_a-nano-svfprintf.o) (_free_r)
c:/program files/atollic/truestudio for stm32 9.3.0/armtools/bin/../lib/gcc/arm-atollic-eabi/6.3.1/../../../../arm-atollic-eabi/lib/armv7-m\libc_nano.a(lib_a-nano-mallocr.o)
                              c:/program files/atollic/truestudio for stm32 9.3.0/armtools/bin/../lib/gcc/arm-atollic-eabi/6.3.1/../../../../arm-atollic-eabi/lib/armv7-m\libc_nano.a(lib_a-nano-svfprintf.o) (_malloc_r)
c:/program files/atollic/truestudio for stm32 9.3.0/armtools/bin/../lib/gcc/arm-atollic-eabi/6.3.1/../../../../arm-atollic-eabi/lib/armv7-m\libc_nano.a(lib_a-nano-reallocr.o)
                              c:/program files/atollic/truestudio for stm32 9.3.0/armtools/bin/../lib/gcc/arm-atollic-eabi/6.3.1/../../../../arm-atollic-eabi/lib/armv7-m\libc_nano.a(lib_a-nano-svfprintf.o) (_realloc_r)
c:/program files/atollic/truestudio for stm32 9.3.0/armtools/bin/../lib/gcc/arm-atollic-eabi/6.3.1/../../../../arm-atollic-eabi/lib/armv7-m\libc_nano.a(lib_a-sbrkr.o)
[...]
Memory Configuration

Name             Origin             Length             Attributes
RAM              0x20000000         0x00005000         xrw
FLASH            0x08000000         0x00010000         xr
*default*        0x00000000         0xffffffff

Linker script and memory map

LOAD c:/program files/atollic/truestudio for stm32 9.3.0/armtools/bin/../lib/gcc/arm-atollic-eabi/6.3.1/armv7-m/crti.o
LOAD c:/program files/atollic/truestudio for stm32 9.3.0/armtools/bin/../lib/gcc/arm-atollic-eabi/6.3.1/armv7-m/crtbegin.o
LOAD Drivers\STM32F1xx_HAL_Driver\Src\stm32f1xx_hal.o
LOAD Drivers\STM32F1xx_HAL_Driver\Src\stm32f1xx_hal_cortex.o
LOAD Drivers\STM32F1xx_HAL_Driver\Src\stm32f1xx_hal_dma.o
LOAD Drivers\STM32F1xx_HAL_Driver\Src\stm32f1xx_hal_flash.o
LOAD Drivers\STM32F1xx_HAL_Driver\Src\stm32f1xx_hal_flash_ex.o
LOAD Drivers\STM32F1xx_HAL_Driver\Src\stm32f1xx_hal_gpio.o
LOAD Drivers\STM32F1xx_HAL_Driver\Src\stm32f1xx_hal_gpio_ex.o
LOAD Drivers\STM32F1xx_HAL_Driver\Src\stm32f1xx_hal_pwr.o
LOAD Drivers\STM32F1xx_HAL_Driver\Src\stm32f1xx_hal_rcc.o
LOAD Drivers\STM32F1xx_HAL_Driver\Src\stm32f1xx_hal_rcc_ex.o
LOAD Drivers\STM32F1xx_HAL_Driver\Src\stm32f1xx_hal_spi.o
LOAD Drivers\STM32F1xx_HAL_Driver\Src\stm32f1xx_hal_tim.o
LOAD Drivers\STM32F1xx_HAL_Driver\Src\stm32f1xx_hal_tim_ex.o
LOAD Drivers\STM32F1xx_HAL_Driver\Src\stm32f1xx_hal_uart.o
LOAD Src\MY_NRF24.o
LOAD Src\main.o
LOAD Src\stm32f1xx_hal_msp.o
LOAD Src\stm32f1xx_it.o
LOAD Src\syscalls.o
LOAD Src\system_stm32f1xx.o
LOAD startup\startup_stm32f103xb.o
                0x00000080                malloc_getpagesize_P = 0x80
START GROUP
LOAD c:/program files/atollic/truestudio for stm32 9.3.0/armtools/bin/../lib/gcc/arm-atollic-eabi/6.3.1/../../../../arm-atollic-eabi/lib/armv7-m\libc_nano.a
LOAD c:/program files/atollic/truestudio for stm32 9.3.0/armtools/bin/../lib/gcc/arm-atollic-eabi/6.3.1/../../../../arm-atollic-eabi/lib/armv7-m\libm.a
END GROUP
START GROUP
LOAD c:/program files/atollic/truestudio for stm32 9.3.0/armtools/bin/../lib/gcc/arm-atollic-eabi/6.3.1/armv7-m\libgcc.a
LOAD c:/program files/atollic/truestudio for stm32 9.3.0/armtools/bin/../lib/gcc/arm-atollic-eabi/6.3.1/../../../../arm-atollic-eabi/lib/armv7-m\libc_nano.a
END GROUP
START GROUP
LOAD c:/program files/atollic/truestudio for stm32 9.3.0/armtools/bin/../lib/gcc/arm-atollic-eabi/6.3.1/armv7-m\libgcc.a
LOAD c:/program files/atollic/truestudio for stm32 9.3.0/armtools/bin/../lib/gcc/arm-atollic-eabi/6.3.1/../../../../arm-atollic-eabi/lib/armv7-m\libc_nano.a
LOAD c:/program files/atollic/truestudio for stm32 9.3.0/armtools/bin/../lib/gcc/arm-atollic-eabi/6.3.1/../../../../arm-atollic-eabi/lib/armv7-m\libnosys.a
END GROUP
START GROUP
LOAD c:/program files/atollic/truestudio for stm32 9.3.0/armtools/bin/../lib/gcc/arm-atollic-eabi/6.3.1/armv7-m\libgcc.a
LOAD c:/program files/atollic/truestudio for stm32 9.3.0/armtools/bin/../lib/gcc/arm-atollic-eabi/6.3.1/../../../../arm-atollic-eabi/lib/armv7-m\libc_nano.a
LOAD c:/program files/atollic/truestudio for stm32 9.3.0/armtools/bin/../lib/gcc/arm-atollic-eabi/6.3.1/../../../../arm-atollic-eabi/lib/armv7-m\libnosys.a
END GROUP
LOAD c:/program files/atollic/truestudio for stm32 9.3.0/armtools/bin/../lib/gcc/arm-atollic-eabi/6.3.1/armv7-m/crtend.o
LOAD c:/program files/atollic/truestudio for stm32 9.3.0/armtools/bin/../lib/gcc/arm-atollic-eabi/6.3.1/armv7-m/crtn.o
                0x20005000                _estack = 0x20005000
                0x00000200                _Min_Heap_Size = 0x200
                0x00000400                _Min_Stack_Size = 0x400

.isr_vector     0x08000000      0x10c
                0x08000000                . = ALIGN (0x4)
 *(.isr_vector)
 .isr_vector    0x08000000      0x10c startup\startup_stm32f103xb.o
                0x08000000                g_pfnVectors
                0x0800010c                . = ALIGN (0x4)

.text           0x0800010c     0x2a9c
                0x0800010c                . = ALIGN (0x4)
 *(.text)
 .text          0x0800010c       0x40 c:/program files/atollic/truestudio for stm32 9.3.0/armtools/bin/../lib/gcc/arm-atollic-eabi/6.3.1/armv7-m/crtbegin.o
 .text          0x0800014c       0x10 c:/program files/atollic/truestudio for stm32 9.3.0/armtools/bin/../lib/gcc/arm-atollic-eabi/6.3.1/../../../../arm-atollic-eabi/lib/armv7-m\libc_nano.a(lib_a-strlen.o)
                0x0800014c                strlen
 *(.text*)
 .text.HAL_InitTick
                0x0800015c       0x28 Drivers\STM32F1xx_HAL_Driver\Src\stm32f1xx_hal.o
                0x0800015c                HAL_InitTick
 .text.HAL_Init
                0x08000184       0x24 Drivers\STM32F1xx_HAL_Driver\Src\stm32f1xx_hal.o
                0x08000184                HAL_Init
 .text.HAL_IncTick
                0x080001a8       0x10 Drivers\STM32F1xx_HAL_Driver\Src\stm32f1xx_hal.o
                0x080001a8                HAL_IncTick
 .text.HAL_GetTick
                0x080001b8        0xc Drivers\STM32F1xx_HAL_Driver\Src\stm32f1xx_hal.o
                0x080001b8                HAL_GetTick
 .text.HAL_Delay
                0x080001c4       0x20 Drivers\STM32F1xx_HAL_Driver\Src\stm32f1xx_hal.o
                0x080001c4                HAL_Delay
 .text.HAL_NVIC_SetPriorityGrouping
                0x080001e4       0x24 Drivers\STM32F1xx_HAL_Driver\Src\stm32f1xx_hal_cortex.o
                0x080001e4                HAL_NVIC_SetPriorityGrouping
 .text.HAL_NVIC_SetPriority
                0x08000208       0x68 Drivers\STM32F1xx_HAL_Driver\Src\stm32f1xx_hal_cortex.o
                0x08000208                HAL_NVIC_SetPriority
 .text.HAL_SYSTICK_Config
                0x08000270       0x2c Drivers\STM32F1xx_HAL_Driver\Src\stm32f1xx_hal_cortex.o
                0x08000270                HAL_SYSTICK_Config
 .text.HAL_GPIO_Init
                0x0800029c      0x1c0 Drivers\STM32F1xx_HAL_Driver\Src\stm32f1xx_hal_gpio.o
                0x0800029c                HAL_GPIO_Init
 .text.HAL_GPIO_WritePin
                0x0800045c        0xa Drivers\STM32F1xx_HAL_Driver\Src\stm32f1xx_hal_gpio.o
                0x0800045c                HAL_GPIO_WritePin
 *fill*         0x08000466        0x2 
 .text.HAL_RCC_OscConfig
                0x08000468      0x318 Drivers\STM32F1xx_HAL_Driver\Src\stm32f1xx_hal_rcc.o
                0x08000468                HAL_RCC_OscConfig
 .text.HAL_RCC_GetSysClockFreq
                0x08000780       0x7c Drivers\STM32F1xx_HAL_Driver\Src\stm32f1xx_hal_rcc.o
                0x08000780                HAL_RCC_GetSysClockFreq
 .text.HAL_RCC_ClockConfig
                0x080007fc      0x148 Drivers\STM32F1xx_HAL_Driver\Src\stm32f1xx_hal_rcc.o
                0x080007fc                HAL_RCC_ClockConfig
 .text.HAL_RCC_GetPCLK1Freq
                0x08000944       0x20 Drivers\STM32F1xx_HAL_Driver\Src\stm32f1xx_hal_rcc.o
                0x08000944                HAL_RCC_GetPCLK1Freq
 .text.HAL_RCC_GetPCLK2Freq
                0x08000964       0x20 Drivers\STM32F1xx_HAL_Driver\Src\stm32f1xx_hal_rcc.o
                0x08000964                HAL_RCC_GetPCLK2Freq
 .text.SPI_WaitFlagStateUntilTimeout
                0x08000984       0x8e Drivers\STM32F1xx_HAL_Driver\Src\stm32f1xx_hal_spi.o
 .text.SPI_CheckFlag_BSY
                0x08000a12       0x20 Drivers\STM32F1xx_HAL_Driver\Src\stm32f1xx_hal_spi.o
 .text.HAL_SPI_Init
                0x08000a32       0x7a Drivers\STM32F1xx_HAL_Driver\Src\stm32f1xx_hal_spi.o
                0x08000a32                HAL_SPI_Init
 .text.HAL_SPI_Transmit
                0x08000aac      0x152 Drivers\STM32F1xx_HAL_Driver\Src\stm32f1xx_hal_spi.o
                0x08000aac                HAL_SPI_Transmit
 .text.HAL_SPI_TransmitReceive
                0x08000bfe      0x1fa Drivers\STM32F1xx_HAL_Driver\Src\stm32f1xx_hal_spi.o
                0x08000bfe                HAL_SPI_TransmitReceive
 .text.HAL_SPI_Receive
                0x08000df8      0x13e Drivers\STM32F1xx_HAL_Driver\Src\stm32f1xx_hal_spi.o
                0x08000df8                HAL_SPI_Receive
 *fill*         0x08000f36        0x2 
 .text.UART_SetConfig
                0x08000f38      0x13c Drivers\STM32F1xx_HAL_Driver\Src\stm32f1xx_hal_uart.o
 .text.UART_WaitOnFlagUntilTimeout.constprop.3
                0x08001074       0x50 Drivers\STM32F1xx_HAL_Driver\Src\stm32f1xx_hal_uart.o
 .text.HAL_UART_Init
                0x080010c4       0x5c Drivers\STM32F1xx_HAL_Driver\Src\stm32f1xx_hal_uart.o
                0x080010c4                HAL_UART_Init
 .text.HAL_UART_Transmit
                0x08001120       0xb8 Drivers\STM32F1xx_HAL_Driver\Src\stm32f1xx_hal_uart.o
                0x08001120                HAL_UART_Transmit
 .text.NRF24_csn.part.0
                0x080011d8       0x18 Src\MY_NRF24.o
 .text.NRF24_ce.part.1
                0x080011f0       0x18 Src\MY_NRF24.o
 .text.NRF24_csn
                0x08001208       0x1c Src\MY_NRF24.o
                0x08001208                NRF24_csn
 .text.NRF24_ce
                0x08001224       0x1c Src\MY_NRF24.o
                0x08001224                NRF24_ce
 .text.NRF24_read_register
                0x08001240       0x40 Src\MY_NRF24.o
                0x08001240                NRF24_read_register
 .text.NRF24_read_registerN
                0x08001280       0x3c Src\MY_NRF24.o
                0x08001280                NRF24_read_registerN
 .text.NRF24_write_register
                0x080012bc       0x30 Src\MY_NRF24.o
                0x080012bc                NRF24_write_register
 .text.NRF24_write_registerN
                0x080012ec       0x3c Src\MY_NRF24.o
                0x080012ec                NRF24_write_registerN
 .text.NRF24_read_payload
                0x08001328       0x44 Src\MY_NRF24.o
                0x08001328                NRF24_read_payload
 .text.NRF24_flush_tx
                0x0800136c        0x8 Src\MY_NRF24.o
                0x0800136c                NRF24_flush_tx
 .text.NRF24_flush_rx
                0x08001374        0x8 Src\MY_NRF24.o
                0x08001374                NRF24_flush_rx
 .text.NRF24_get_status
                0x0800137c        0x6 Src\MY_NRF24.o
                0x0800137c                NRF24_get_status
 *fill*         0x08001382        0x2 
 .text.NRF24_startListening
                0x08001384       0x40 Src\MY_NRF24.o
                0x08001384                NRF24_startListening
 .text.NRF24_openReadingPipe
                0x080013c4       0x60 Src\MY_NRF24.o
                0x080013c4                NRF24_openReadingPipe
 .text.NRF24_setChannel
                0x08001424        0xe Src\MY_NRF24.o
                0x08001424                NRF24_setChannel
 *fill*         0x08001432        0x2 
 .text.NRF24_setPayloadSize
                0x08001434       0x10 Src\MY_NRF24.o
                0x08001434                NRF24_setPayloadSize
 .text.NRF24_getDynamicPayloadSize
                0x08001444        0x6 Src\MY_NRF24.o
                0x08001444                NRF24_getDynamicPayloadSize
 .text.NRF24_read
                0x0800144a       0x1c Src\MY_NRF24.o
                0x0800144a                NRF24_read
 .text.NRF24_disableDynamicPayloads
                0x08001466       0x1e Src\MY_NRF24.o
                0x08001466                NRF24_disableDynamicPayloads
 .text.NRF24_setAutoAck
                0x08001484        0xc Src\MY_NRF24.o
                0x08001484                NRF24_setAutoAck
 .text.NRF24_setPALevel
                0x08001490       0x3a Src\MY_NRF24.o
                0x08001490                NRF24_setPALevel
 .text.NRF24_setDataRate
                0x080014ca       0x36 Src\MY_NRF24.o
                0x080014ca                NRF24_setDataRate
 .text.NRF24_setCRCLength
                0x08001500       0x26 Src\MY_NRF24.o
                0x08001500                NRF24_setCRCLength
 .text.NRF24_powerDown
                0x08001526       0x16 Src\MY_NRF24.o
                0x08001526                NRF24_powerDown
 .text.NRF24_availablePipe
                0x0800153c       0x38 Src\MY_NRF24.o
                0x0800153c                NRF24_availablePipe
 .text.NRF24_available
                0x08001574        0x6 Src\MY_NRF24.o
                0x08001574                NRF24_available
 .text.NRF24_writeAckPayload
                0x0800157a       0x2c Src\MY_NRF24.o
                0x0800157a                NRF24_writeAckPayload
 .text.NRF24_resetStatus
                0x080015a6        0x8 Src\MY_NRF24.o
                0x080015a6                NRF24_resetStatus
 *fill*         0x080015ae        0x2 
 .text.NRF24_ACTIVATE_cmd
                0x080015b0       0x30 Src\MY_NRF24.o
                0x080015b0                NRF24_ACTIVATE_cmd
 .text.NRF24_enableAckPayload
                0x080015e0       0x48 Src\MY_NRF24.o
                0x080015e0                NRF24_enableAckPayload
 .text.NRF24_enableDynamicPayloads
                0x08001628       0x48 Src\MY_NRF24.o
                0x08001628                NRF24_enableDynamicPayloads
 .text.printRadioSettings
                0x08001670      0x4dc Src\MY_NRF24.o
                0x08001670                printRadioSettings
 .text.NRF24_begin
                0x08001b4c      0x1a4 Src\MY_NRF24.o
                0x08001b4c                NRF24_begin
 .text.nrf24_DebugUART_Init
                0x08001cf0       0x30 Src\MY_NRF24.o
                0x08001cf0                nrf24_DebugUART_Init
 .text.SystemClock_Config
                0x08001d20       0x54 Src\main.o
                0x08001d20                SystemClock_Config
 .text.startup.main
                0x08001d74      0x33c Src\main.o
                0x08001d74                main
 .text.HAL_MspInit
                0x080020b0       0x48 Src\stm32f1xx_hal_msp.o
                0x080020b0                HAL_MspInit
 .text.HAL_SPI_MspInit
                0x080020f8       0x78 Src\stm32f1xx_hal_msp.o
                0x080020f8                HAL_SPI_MspInit
 .text.HAL_UART_MspInit
                0x08002170       0x74 Src\stm32f1xx_hal_msp.o
                0x08002170                HAL_UART_MspInit
 .text.NMI_Handler
                0x080021e4        0x2 Src\stm32f1xx_it.o
                0x080021e4                NMI_Handler
 .text.HardFault_Handler
                0x080021e6        0x2 Src\stm32f1xx_it.o
                0x080021e6                HardFault_Handler
 .text.MemManage_Handler
                0x080021e8        0x2 Src\stm32f1xx_it.o
                0x080021e8                MemManage_Handler
 .text.BusFault_Handler
                0x080021ea        0x2 Src\stm32f1xx_it.o
                0x080021ea                BusFault_Handler
 .text.UsageFault_Handler
                0x080021ec        0x2 Src\stm32f1xx_it.o
                0x080021ec                UsageFault_Handler
 .text.SVC_Handler
                0x080021ee        0x2 Src\stm32f1xx_it.o
                0x080021ee                SVC_Handler
 .text.DebugMon_Handler
                0x080021f0        0x2 Src\stm32f1xx_it.o
                0x080021f0                DebugMon_Handler
 .text.PendSV_Handler
                0x080021f2        0x2 Src\stm32f1xx_it.o
                0x080021f2                PendSV_Handler
 .text.SysTick_Handler
                0x080021f4        0x4 Src\stm32f1xx_it.o
                0x080021f4                SysTick_Handler
 .text._sbrk    0x080021f8       0x34 Src\syscalls.o
                0x080021f8                _sbrk
 .text.SystemInit
                0x0800222c       0x4c Src\system_stm32f1xx.o
                0x0800222c                SystemInit
 .text.Reset_Handler
                0x08002278       0x48 startup\startup_stm32f103xb.o
                0x08002278                Reset_Handler
 .text.Default_Handler
                0x080022c0        0x2 startup\startup_stm32f103xb.o
                0x080022c0                RTC_Alarm_IRQHandler
                0x080022c0                EXTI2_IRQHandler
                0x080022c0                TIM1_CC_IRQHandler
                0x080022c0                PVD_IRQHandler
                0x080022c0                EXTI3_IRQHandler
                0x080022c0                EXTI0_IRQHandler
                0x080022c0                I2C2_EV_IRQHandler
                0x080022c0                ADC1_2_IRQHandler
                0x080022c0                SPI1_IRQHandler
                0x080022c0                TAMPER_IRQHandler
                0x080022c0                DMA1_Channel4_IRQHandler
                0x080022c0                USART3_IRQHandler
                0x080022c0                RTC_IRQHandler
                0x080022c0                DMA1_Channel7_IRQHandler
                0x080022c0                CAN1_RX1_IRQHandler
                0x080022c0                TIM4_IRQHandler
                0x080022c0                I2C1_EV_IRQHandler
                0x080022c0                DMA1_Channel6_IRQHandler
                0x080022c0                TIM3_IRQHandler
                0x080022c0                RCC_IRQHandler
                0x080022c0                TIM1_TRG_COM_IRQHandler
                0x080022c0                DMA1_Channel1_IRQHandler
                0x080022c0                Default_Handler
                0x080022c0                EXTI15_10_IRQHandler
                0x080022c0                EXTI9_5_IRQHandler
                0x080022c0                SPI2_IRQHandler
                0x080022c0                DMA1_Channel5_IRQHandler
                0x080022c0                EXTI4_IRQHandler
                0x080022c0                USB_LP_CAN1_RX0_IRQHandler
                0x080022c0                USB_HP_CAN1_TX_IRQHandler
                0x080022c0                DMA1_Channel3_IRQHandler
                0x080022c0                TIM1_UP_IRQHandler
                0x080022c0                WWDG_IRQHandler
                0x080022c0                TIM2_IRQHandler
                0x080022c0                TIM1_BRK_IRQHandler
                0x080022c0                EXTI1_IRQHandler
                0x080022c0                USART2_IRQHandler
                0x080022c0                I2C2_ER_IRQHandler
                0x080022c0                DMA1_Channel2_IRQHandler
                0x080022c0                CAN1_SCE_IRQHandler
                0x080022c0                FLASH_IRQHandler
                0x080022c0                USART1_IRQHandler
                0x080022c0                I2C1_ER_IRQHandler
                0x080022c0                USBWakeUp_IRQHandler
 *fill*         0x080022c2        0x2 
 .text.__errno  0x080022c4        0xc c:/program files/atollic/truestudio for stm32 9.3.0/armtools/bin/../lib/gcc/arm-atollic-eabi/6.3.1/../../../../arm-atollic-eabi/lib/armv7-m\libc_nano.a(lib_a-errno.o)
                0x080022c4                __errno
 .text.__libc_init_array
                0x080022d0       0x48 c:/program files/atollic/truestudio for stm32 9.3.0/armtools/bin/../lib/gcc/arm-atollic-eabi/6.3.1/../../../../arm-atollic-eabi/lib/armv7-m\libc_nano.a(lib_a-init.o)
                0x080022d0                __libc_init_array
 .text.memcpy   0x08002318       0x16 c:/program files/atollic/truestudio for stm32 9.3.0/armtools/bin/../lib/gcc/arm-atollic-eabi/6.3.1/../../../../arm-atollic-eabi/lib/armv7-m\libc_nano.a(lib_a-memcpy-stub.o)
                0x08002318                memcpy
 .text.memset   0x0800232e       0x10 c:/program files/atollic/truestudio for stm32 9.3.0/armtools/bin/../lib/gcc/arm-atollic-eabi/6.3.1/../../../../arm-atollic-eabi/lib/armv7-m\libc_nano.a(lib_a-memset.o)
                0x0800232e                memset
 *fill*         0x0800233e        0x2 
 .text.sprintf  0x08002340       0x48 c:/program files/atollic/truestudio for stm32 9.3.0/armtools/bin/../lib/gcc/arm-atollic-eabi/6.3.1/../../../../arm-atollic-eabi/lib/armv7-m\libc_nano.a(lib_a-sprintf.o)
                0x08002340                siprintf
                0x08002340                sprintf
 .text.strcpy   0x08002388       0x10 c:/program files/atollic/truestudio for stm32 9.3.0/armtools/bin/../lib/gcc/arm-atollic-eabi/6.3.1/../../../../arm-atollic-eabi/lib/armv7-m\libc_nano.a(lib_a-strcpy.o)
                0x08002388                strcpy
 .text.__ssputs_r
                0x08002398       0xb6 c:/program files/atollic/truestudio for stm32 9.3.0/armtools/bin/../lib/gcc/arm-atollic-eabi/6.3.1/../../../../arm-atollic-eabi/lib/armv7-m\libc_nano.a(lib_a-nano-svfprintf.o)
                0x08002398                __ssputs_r
 *fill*         0x0800244e        0x2 
 .text._svfprintf_r
                0x08002450      0x1e8 c:/program files/atollic/truestudio for stm32 9.3.0/armtools/bin/../lib/gcc/arm-atollic-eabi/6.3.1/../../../../arm-atollic-eabi/lib/armv7-m\libc_nano.a(lib_a-nano-svfprintf.o)
                0x08002450                _svfiprintf_r
                0x08002450                _svfprintf_r
 .text._printf_common
                0x08002638       0xee c:/program files/atollic/truestudio for stm32 9.3.0/armtools/bin/../lib/gcc/arm-atollic-eabi/6.3.1/../../../../arm-atollic-eabi/lib/armv7-m\libc_nano.a(lib_a-nano-vfprintf_i.o)
                0x08002638                _printf_common
 *fill*         0x08002726        0x2 
 .text._printf_i
                0x08002728      0x240 c:/program files/atollic/truestudio for stm32 9.3.0/armtools/bin/../lib/gcc/arm-atollic-eabi/6.3.1/../../../../arm-atollic-eabi/lib/armv7-m\libc_nano.a(lib_a-nano-vfprintf_i.o)
                0x08002728                _printf_i
 .text.memchr   0x08002968       0x1c c:/program files/atollic/truestudio for stm32 9.3.0/armtools/bin/../lib/gcc/arm-atollic-eabi/6.3.1/../../../../arm-atollic-eabi/lib/armv7-m\libc_nano.a(lib_a-memchr-stub.o)
                0x08002968                memchr
 .text.memmove  0x08002984       0x34 c:/program files/atollic/truestudio for stm32 9.3.0/armtools/bin/../lib/gcc/arm-atollic-eabi/6.3.1/../../../../arm-atollic-eabi/lib/armv7-m\libc_nano.a(lib_a-memmove.o)
                0x08002984                memmove
 .text._free_r  0x080029b8       0x98 c:/program files/atollic/truestudio for stm32 9.3.0/armtools/bin/../lib/gcc/arm-atollic-eabi/6.3.1/../../../../arm-atollic-eabi/lib/armv7-m\libc_nano.a(lib_a-nano-freer.o)
                0x080029b8                _free_r
 .text._malloc_r
                0x08002a50       0xbc c:/program files/atollic/truestudio for stm32 9.3.0/armtools/bin/../lib/gcc/arm-atollic-eabi/6.3.1/../../../../arm-atollic-eabi/lib/armv7-m\libc_nano.a(lib_a-nano-mallocr.o)
                0x08002a50                _malloc_r
 .text._realloc_r
                0x08002b0c       0x4c c:/program files/atollic/truestudio for stm32 9.3.0/armtools/bin/../lib/gcc/arm-atollic-eabi/6.3.1/../../../../arm-atollic-eabi/lib/armv7-m\libc_nano.a(lib_a-nano-reallocr.o)
                0x08002b0c                _realloc_r
 .text._sbrk_r  0x08002b58       0x20 c:/program files/atollic/truestudio for stm32 9.3.0/armtools/bin/../lib/gcc/arm-atollic-eabi/6.3.1/../../../../arm-atollic-eabi/lib/armv7-m\libc_nano.a(lib_a-sbrkr.o)
                0x08002b58                _sbrk_r
 .text.__malloc_lock
                0x08002b78        0x2 c:/program files/atollic/truestudio for stm32 9.3.0/armtools/bin/../lib/gcc/arm-atollic-eabi/6.3.1/../../../../arm-atollic-eabi/lib/armv7-m\libc_nano.a(lib_a-mlock.o)
                0x08002b78                __malloc_lock
 .text.__malloc_unlock
                0x08002b7a        0x2 c:/program files/atollic/truestudio for stm32 9.3.0/armtools/bin/../lib/gcc/arm-atollic-eabi/6.3.1/../../../../arm-atollic-eabi/lib/armv7-m\libc_nano.a(lib_a-mlock.o)
                0x08002b7a                __malloc_unlock
 .text._malloc_usable_size_r
                0x08002b7c       0x12 c:/program files/atollic/truestudio for stm32 9.3.0/armtools/bin/../lib/gcc/arm-atollic-eabi/6.3.1/../../../../arm-atollic-eabi/lib/armv7-m\libc_nano.a(lib_a-nano-msizer.o)
                0x08002b7c                _malloc_usable_size_r
 *(.glue_7)
 .glue_7        0x08002b8e        0x0 linker stubs
 *(.glue_7t)
 .glue_7t       0x08002b8e        0x0 linker stubs
 *(.eh_frame)
 *fill*         0x08002b8e        0x2 
 .eh_frame      0x08002b90        0x0 c:/program files/atollic/truestudio for stm32 9.3.0/armtools/bin/../lib/gcc/arm-atollic-eabi/6.3.1/armv7-m/crtbegin.o
 *(.init)
 .init          0x08002b90        0x4 c:/program files/atollic/truestudio for stm32 9.3.0/armtools/bin/../lib/gcc/arm-atollic-eabi/6.3.1/armv7-m/crti.o
                0x08002b90                _init
 .init          0x08002b94        0x8 c:/program files/atollic/truestudio for stm32 9.3.0/armtools/bin/../lib/gcc/arm-atollic-eabi/6.3.1/armv7-m/crtn.o
 *(.fini)
 .fini          0x08002b9c        0x4 c:/program files/atollic/truestudio for stm32 9.3.0/armtools/bin/../lib/gcc/arm-atollic-eabi/6.3.1/armv7-m/crti.o
                0x08002b9c                _fini
 .fini          0x08002ba0        0x8 c:/program files/atollic/truestudio for stm32 9.3.0/armtools/bin/../lib/gcc/arm-atollic-eabi/6.3.1/armv7-m/crtn.o
                0x08002ba8                . = ALIGN (0x4)
                0x08002ba8                _etext = .

.vfp11_veneer   0x08002ba8        0x0
 .vfp11_veneer  0x08002ba8        0x0 linker stubs

.v4_bx          0x08002ba8        0x0
 .v4_bx         0x08002ba8        0x0 linker stubs

.iplt           0x08002ba8        0x0
 .iplt          0x08002ba8        0x0 c:/program files/atollic/truestudio for stm32 9.3.0/armtools/bin/../lib/gcc/arm-atollic-eabi/6.3.1/armv7-m/crtbegin.o

.rodata         0x08002ba8      0x568
                0x08002ba8                . = ALIGN (0x4)
 *(.rodata)
 .rodata        0x08002ba8       0x10 Drivers\STM32F1xx_HAL_Driver\Src\stm32f1xx_hal_rcc.o
 .rodata        0x08002bb8       0xe0 Src\main.o
 *(.rodata*)
 .rodata.NRF24_ADDR_REGS
                0x08002c98        0x7 Src\MY_NRF24.o
 .rodata.RF24_RX_PW_PIPE
                0x08002c9f        0x6 Src\MY_NRF24.o
 .rodata.printRadioSettings.str1.1
                0x08002ca5      0x41e Src\MY_NRF24.o
 .rodata.AHBPrescTable
                0x080030c3       0x10 Src\system_stm32f1xx.o
                0x080030c3                AHBPrescTable
 .rodata.APBPrescTable
                0x080030d3        0x8 Src\system_stm32f1xx.o
                0x080030d3                APBPrescTable
 .rodata._svfprintf_r.str1.1
                0x080030db       0x11 c:/program files/atollic/truestudio for stm32 9.3.0/armtools/bin/../lib/gcc/arm-atollic-eabi/6.3.1/../../../../arm-atollic-eabi/lib/armv7-m\libc_nano.a(lib_a-nano-svfprintf.o)
 .rodata._printf_i.str1.1
                0x080030ec       0x22 c:/program files/atollic/truestudio for stm32 9.3.0/armtools/bin/../lib/gcc/arm-atollic-eabi/6.3.1/../../../../arm-atollic-eabi/lib/armv7-m\libc_nano.a(lib_a-nano-vfprintf_i.o)
                0x08003110                . = ALIGN (0x4)
 *fill*         0x0800310e        0x2 

.rel.dyn        0x08003110        0x0
 .rel.iplt      0x08003110        0x0 c:/program files/atollic/truestudio for stm32 9.3.0/armtools/bin/../lib/gcc/arm-atollic-eabi/6.3.1/armv7-m/crtbegin.o

.ARM.extab
 *(.ARM.extab* .gnu.linkonce.armextab.*)

.ARM            0x08003110        0x0
                0x08003110                __exidx_start = .
 *(.ARM.exidx*)
                0x08003110                __exidx_end = .

.preinit_array  0x08003110        0x0
                0x08003110                PROVIDE (__preinit_array_start, .)
 *(.preinit_array*)
                0x08003110                PROVIDE (__preinit_array_end, .)

.init_array     0x08003110        0x4
                0x08003110                PROVIDE (__init_array_start, .)
 *(SORT(.init_array.*))
 *(.init_array*)
 .init_array    0x08003110        0x4 c:/program files/atollic/truestudio for stm32 9.3.0/armtools/bin/../lib/gcc/arm-atollic-eabi/6.3.1/armv7-m/crtbegin.o
                0x08003114                PROVIDE (__init_array_end, .)

.fini_array     0x08003114        0x4
                [!provide]                PROVIDE (__fini_array_start, .)
 *(SORT(.fini_array.*))
 *(.fini_array*)
 .fini_array    0x08003114        0x4 c:/program files/atollic/truestudio for stm32 9.3.0/armtools/bin/../lib/gcc/arm-atollic-eabi/6.3.1/armv7-m/crtbegin.o
                [!provide]                PROVIDE (__fini_array_end, .)
                0x08003118                _sidata = LOADADDR (.data)

.data           0x20000000       0x70 load address 0x08003118
                0x20000000                . = ALIGN (0x4)
                0x20000000                _sdata = .
 *(.data)
 *(.data*)
 .data.RxpipeAddrs
                0x20000000        0x8 Src\main.o
                0x20000000                RxpipeAddrs
 .data.SystemCoreClock
                0x20000008        0x4 Src\system_stm32f1xx.o
                0x20000008                SystemCoreClock
 .data._impure_ptr
                0x2000000c        0x4 c:/program files/atollic/truestudio for stm32 9.3.0/armtools/bin/../lib/gcc/arm-atollic-eabi/6.3.1/../../../../arm-atollic-eabi/lib/armv7-m\libc_nano.a(lib_a-impure.o)
                0x2000000c                _impure_ptr
 .data.impure_data
                0x20000010       0x60 c:/program files/atollic/truestudio for stm32 9.3.0/armtools/bin/../lib/gcc/arm-atollic-eabi/6.3.1/../../../../arm-atollic-eabi/lib/armv7-m\libc_nano.a(lib_a-impure.o)
                0x20000070                . = ALIGN (0x4)
                0x20000070                _edata = .

.igot.plt       0x20000070        0x0 load address 0x08003188
 .igot.plt      0x20000070        0x0 c:/program files/atollic/truestudio for stm32 9.3.0/armtools/bin/../lib/gcc/arm-atollic-eabi/6.3.1/armv7-m/crtbegin.o
                0x20000070                . = ALIGN (0x4)

.bss            0x20000070      0x184 load address 0x08003188
                0x20000070                _sbss = .
                0x20000070                __bss_start__ = _sbss
 *(.bss)
 .bss           0x20000070       0x1c c:/program files/atollic/truestudio for stm32 9.3.0/armtools/bin/../lib/gcc/arm-atollic-eabi/6.3.1/armv7-m/crtbegin.o
 *(.bss*)
 .bss.nrf24_CE_PIN
                0x2000008c        0x2 Src\MY_NRF24.o
 .bss.nrf24_CSN_PIN
                0x2000008e        0x2 Src\MY_NRF24.o
 .bss.nrf24_PORT
                0x20000090        0x4 Src\MY_NRF24.o
 .bss.nrf24_hspi
                0x20000094       0x58 Src\MY_NRF24.o
 .bss.nrf24_huart
                0x200000ec       0x40 Src\MY_NRF24.o
 .bss.payload_size
                0x2000012c        0x1 Src\MY_NRF24.o
 *fill*         0x2000012d        0x3 
 .bss.pipe0_reading_address
                0x20000130        0x8 Src\MY_NRF24.o
 .bss.heap_end.5887
                0x20000138        0x4 Src\syscalls.o
 .bss.__malloc_free_list
                0x2000013c        0x4 c:/program files/atollic/truestudio for stm32 9.3.0/armtools/bin/../lib/gcc/arm-atollic-eabi/6.3.1/../../../../arm-atollic-eabi/lib/armv7-m\libc_nano.a(lib_a-nano-mallocr.o)
                0x2000013c                __malloc_free_list
 .bss.__malloc_sbrk_start
                0x20000140        0x4 c:/program files/atollic/truestudio for stm32 9.3.0/armtools/bin/../lib/gcc/arm-atollic-eabi/6.3.1/../../../../arm-atollic-eabi/lib/armv7-m\libc_nano.a(lib_a-nano-mallocr.o)
                0x20000140                __malloc_sbrk_start
 *(COMMON)
 COMMON         0x20000144        0x4 Drivers\STM32F1xx_HAL_Driver\Src\stm32f1xx_hal.o
                0x20000144                uwTick
 COMMON         0x20000148       0xa8 Src\main.o
                0x20000148                hspi2
                0x200001a0                myRxData
                0x200001b0                huart2
 COMMON         0x200001f0        0x4 c:/program files/atollic/truestudio for stm32 9.3.0/armtools/bin/../lib/gcc/arm-atollic-eabi/6.3.1/../../../../arm-atollic-eabi/lib/armv7-m\libc_nano.a(lib_a-reent.o)
                0x200001f0                errno
                0x200001f4                . = ALIGN (0x4)
                0x200001f4                _ebss = .
                0x200001f4                __bss_end__ = _ebss

._user_heap_stack
                0x200001f4      0x600 load address 0x08003188
                0x200001f4                . = ALIGN (0x4)
                0x200001f4                PROVIDE (end, .)
                [!provide]                PROVIDE (_end, .)
                0x200003f4                . = (. + _Min_Heap_Size)
 *fill*         0x200001f4      0x200 
                0x200007f4                . = (. + _Min_Stack_Size)
 *fill*         0x200003f4      0x400 
                0x200007f4                . = ALIGN (0x4)

/DISCARD/
 libc.a(*)
 libm.a(*)
 libgcc.a(*)

.ARM.attributes
                0x00000000       0x29
 *(.ARM.attributes)
 .ARM.attributes
                0x00000000       0x1d c:/program files/atollic/truestudio for stm32 9.3.0/armtools/bin/../lib/gcc/arm-atollic-eabi/6.3.1/armv7-m/crti.o
 .ARM.attributes
                0x0000001d       0x2d c:/program files/atollic/truestudio for stm32 9.3.0/armtools/bin/../lib/gcc/arm-atollic-eabi/6.3.1/armv7-m/crtbegin.o
 .ARM.attributes
                0x0000004a       0x33 Drivers\STM32F1xx_HAL_Driver\Src\stm32f1xx_hal.o
 .ARM.attributes
                0x0000007d       0x33 Drivers\STM32F1xx_HAL_Driver\Src\stm32f1xx_hal_cortex.o
 .ARM.attributes
                0x000000b0       0x33 Drivers\STM32F1xx_HAL_Driver\Src\stm32f1xx_hal_gpio.o
 .ARM.attributes
                0x000000e3       0x33 Drivers\STM32F1xx_HAL_Driver\Src\stm32f1xx_hal_rcc.o
 .ARM.attributes
                0x00000116       0x33 Drivers\STM32F1xx_HAL_Driver\Src\stm32f1xx_hal_spi.o
 .ARM.attributes
                0x00000149       0x33 Drivers\STM32F1xx_HAL_Driver\Src\stm32f1xx_hal_uart.o
 .ARM.attributes
                0x0000017c       0x33 Src\MY_NRF24.o
 .ARM.attributes
                0x000001af       0x33 Src\main.o
 .ARM.attributes
                0x000001e2       0x33 Src\stm32f1xx_hal_msp.o
 .ARM.attributes
                0x00000215       0x33 Src\stm32f1xx_it.o
 .ARM.attributes
                0x00000248       0x33 Src\syscalls.o
 .ARM.attributes
                0x0000027b       0x33 Src\system_stm32f1xx.o
 .ARM.attributes
                0x000002ae       0x21 startup\startup_stm32f103xb.o
 .ARM.attributes
                0x000002cf       0x2d c:/program files/atollic/truestudio for stm32 9.3.0/armtools/bin/../lib/gcc/arm-atollic-eabi/6.3.1/../../../../arm-atollic-eabi/lib/armv7-m\libc_nano.a(lib_a-errno.o)
 .ARM.attributes
                0x000002fc       0x2d c:/program files/atollic/truestudio for stm32 9.3.0/armtools/bin/../lib/gcc/arm-atollic-eabi/6.3.1/../../../../arm-atollic-eabi/lib/armv7-m\libc_nano.a(lib_a-impure.o)
 .ARM.attributes
                0x00000329       0x2d c:/program files/atollic/truestudio for stm32 9.3.0/armtools/bin/../lib/gcc/arm-atollic-eabi/6.3.1/../../../../arm-atollic-eabi/lib/armv7-m\libc_nano.a(lib_a-init.o)
 .ARM.attributes
                0x00000356       0x2d c:/program files/atollic/truestudio for stm32 9.3.0/armtools/bin/../lib/gcc/arm-atollic-eabi/6.3.1/../../../../arm-atollic-eabi/lib/armv7-m\libc_nano.a(lib_a-memcpy-stub.o)
 .ARM.attributes
                0x00000383       0x2d c:/program files/atollic/truestudio for stm32 9.3.0/armtools/bin/../lib/gcc/arm-atollic-eabi/6.3.1/../../../../arm-atollic-eabi/lib/armv7-m\libc_nano.a(lib_a-memset.o)
 .ARM.attributes
                0x000003b0       0x2d c:/program files/atollic/truestudio for stm32 9.3.0/armtools/bin/../lib/gcc/arm-atollic-eabi/6.3.1/../../../../arm-atollic-eabi/lib/armv7-m\libc_nano.a(lib_a-sprintf.o)
 .ARM.attributes
                0x000003dd       0x2d c:/program files/atollic/truestudio for stm32 9.3.0/armtools/bin/../lib/gcc/arm-atollic-eabi/6.3.1/../../../../arm-atollic-eabi/lib/armv7-m\libc_nano.a(lib_a-strcpy.o)
 .ARM.attributes
                0x0000040a       0x17 c:/program files/atollic/truestudio for stm32 9.3.0/armtools/bin/../lib/gcc/arm-atollic-eabi/6.3.1/../../../../arm-atollic-eabi/lib/armv7-m\libc_nano.a(lib_a-strlen.o)
 .ARM.attributes
                0x00000421       0x2d c:/program files/atollic/truestudio for stm32 9.3.0/armtools/bin/../lib/gcc/arm-atollic-eabi/6.3.1/../../../../arm-atollic-eabi/lib/armv7-m\libc_nano.a(lib_a-nano-svfprintf.o)
 .ARM.attributes
                0x0000044e       0x2d c:/program files/atollic/truestudio for stm32 9.3.0/armtools/bin/../lib/gcc/arm-atollic-eabi/6.3.1/../../../../arm-atollic-eabi/lib/armv7-m\libc_nano.a(lib_a-nano-vfprintf_i.o)
 .ARM.attributes
                0x0000047b       0x2d c:/program files/atollic/truestudio for stm32 9.3.0/armtools/bin/../lib/gcc/arm-atollic-eabi/6.3.1/../../../../arm-atollic-eabi/lib/armv7-m\libc_nano.a(lib_a-memchr-stub.o)
 .ARM.attributes
                0x000004a8       0x2d c:/program files/atollic/truestudio for stm32 9.3.0/armtools/bin/../lib/gcc/arm-atollic-eabi/6.3.1/../../../../arm-atollic-eabi/lib/armv7-m\libc_nano.a(lib_a-memmove.o)
 .ARM.attributes
                0x000004d5       0x2d c:/program files/atollic/truestudio for stm32 9.3.0/armtools/bin/../lib/gcc/arm-atollic-eabi/6.3.1/../../../../arm-atollic-eabi/lib/armv7-m\libc_nano.a(lib_a-nano-freer.o)
 .ARM.attributes
                0x00000502       0x2d c:/program files/atollic/truestudio for stm32 9.3.0/armtools/bin/../lib/gcc/arm-atollic-eabi/6.3.1/../../../../arm-atollic-eabi/lib/armv7-m\libc_nano.a(lib_a-nano-mallocr.o)
 .ARM.attributes
                0x0000052f       0x2d c:/program files/atollic/truestudio for stm32 9.3.0/armtools/bin/../lib/gcc/arm-atollic-eabi/6.3.1/../../../../arm-atollic-eabi/lib/armv7-m\libc_nano.a(lib_a-nano-reallocr.o)
 .ARM.attributes
                0x0000055c       0x2d c:/program files/atollic/truestudio for stm32 9.3.0/armtools/bin/../lib/gcc/arm-atollic-eabi/6.3.1/../../../../arm-atollic-eabi/lib/armv7-m\libc_nano.a(lib_a-sbrkr.o)
 .ARM.attributes
                0x00000589       0x2d c:/program files/atollic/truestudio for stm32 9.3.0/armtools/bin/../lib/gcc/arm-atollic-eabi/6.3.1/../../../../arm-atollic-eabi/lib/armv7-m\libc_nano.a(lib_a-mlock.o)
 .ARM.attributes
                0x000005b6       0x2d c:/program files/atollic/truestudio for stm32 9.3.0/armtools/bin/../lib/gcc/arm-atollic-eabi/6.3.1/../../../../arm-atollic-eabi/lib/armv7-m\libc_nano.a(lib_a-nano-msizer.o)
 .ARM.attributes
                0x000005e3       0x2d c:/program files/atollic/truestudio for stm32 9.3.0/armtools/bin/../lib/gcc/arm-atollic-eabi/6.3.1/../../../../arm-atollic-eabi/lib/armv7-m\libc_nano.a(lib_a-reent.o)
 .ARM.attributes
                0x00000610       0x1d c:/program files/atollic/truestudio for stm32 9.3.0/armtools/bin/../lib/gcc/arm-atollic-eabi/6.3.1/armv7-m/crtn.o
OUTPUT(nrf_recieve2.elf elf32-littlearm)

.debug_info     0x00000000    0x111d5
 .debug_info    0x00000000      0xece Drivers\STM32F1xx_HAL_Driver\Src\stm32f1xx_hal.o
 .debug_info    0x00000ece     0x1463 Drivers\STM32F1xx_HAL_Driver\Src\stm32f1xx_hal_cortex.o
 .debug_info    0x00002331      0xe7c Drivers\STM32F1xx_HAL_Driver\Src\stm32f1xx_hal_gpio.o
 .debug_info    0x000031ad     0x118f Drivers\STM32F1xx_HAL_Driver\Src\stm32f1xx_hal_rcc.o
 .debug_info    0x0000433c     0x2318 Drivers\STM32F1xx_HAL_Driver\Src\stm32f1xx_hal_spi.o
 .debug_info    0x00006654     0x1e00 Drivers\STM32F1xx_HAL_Driver\Src\stm32f1xx_hal_uart.o
 .debug_info    0x00008454     0x3a78 Src\MY_NRF24.o
 .debug_info    0x0000becc     0x194c Src\main.o
 .debug_info    0x0000d818     0x13a1 Src\stm32f1xx_hal_msp.o
 .debug_info    0x0000ebb9      0x9ca Src\stm32f1xx_it.o
 .debug_info    0x0000f583      0xfe1 Src\syscalls.o
 .debug_info    0x00010564      0xc07 Src\system_stm32f1xx.o
 .debug_info    0x0001116b       0x6a startup\startup_stm32f103xb.o

.debug_abbrev   0x00000000     0x2399
 .debug_abbrev  0x00000000      0x2c2 Drivers\STM32F1xx_HAL_Driver\Src\stm32f1xx_hal.o
 .debug_abbrev  0x000002c2      0x399 Drivers\STM32F1xx_HAL_Driver\Src\stm32f1xx_hal_cortex.o
 .debug_abbrev  0x0000065b      0x268 Drivers\STM32F1xx_HAL_Driver\Src\stm32f1xx_hal_gpio.o
 .debug_abbrev  0x000008c3      0x354 Drivers\STM32F1xx_HAL_Driver\Src\stm32f1xx_hal_rcc.o
 .debug_abbrev  0x00000c17      0x39b Drivers\STM32F1xx_HAL_Driver\Src\stm32f1xx_hal_spi.o
 .debug_abbrev  0x00000fb2      0x364 Drivers\STM32F1xx_HAL_Driver\Src\stm32f1xx_hal_uart.o
 .debug_abbrev  0x00001316      0x4ab Src\MY_NRF24.o
 .debug_abbrev  0x000017c1      0x2f7 Src\main.o
 .debug_abbrev  0x00001ab8      0x22a Src\stm32f1xx_hal_msp.o
 .debug_abbrev  0x00001ce2      0x1e1 Src\stm32f1xx_it.o
 .debug_abbrev  0x00001ec3      0x2d9 Src\syscalls.o
 .debug_abbrev  0x0000219c      0x1eb Src\system_stm32f1xx.o
 .debug_abbrev  0x00002387       0x12 startup\startup_stm32f103xb.o

.debug_loc      0x00000000     0x4566
 .debug_loc     0x00000000       0x69 Drivers\STM32F1xx_HAL_Driver\Src\stm32f1xx_hal.o
 .debug_loc     0x00000069      0x46b Drivers\STM32F1xx_HAL_Driver\Src\stm32f1xx_hal_cortex.o
 .debug_loc     0x000004d4      0x36a Drivers\STM32F1xx_HAL_Driver\Src\stm32f1xx_hal_gpio.o
 .debug_loc     0x0000083e      0x404 Drivers\STM32F1xx_HAL_Driver\Src\stm32f1xx_hal_rcc.o
 .debug_loc     0x00000c42     0x1525 Drivers\STM32F1xx_HAL_Driver\Src\stm32f1xx_hal_spi.o
 .debug_loc     0x00002167     0x1311 Drivers\STM32F1xx_HAL_Driver\Src\stm32f1xx_hal_uart.o
 .debug_loc     0x00003478      0xb82 Src\MY_NRF24.o
 .debug_loc     0x00003ffa       0xb0 Src\stm32f1xx_hal_msp.o
 .debug_loc     0x000040aa      0x3ef Src\syscalls.o
 .debug_loc     0x00004499       0xcd Src\system_stm32f1xx.o

.debug_aranges  0x00000000      0x8a8
 .debug_aranges
                0x00000000       0xb0 Drivers\STM32F1xx_HAL_Driver\Src\stm32f1xx_hal.o
 .debug_aranges
                0x000000b0       0x90 Drivers\STM32F1xx_HAL_Driver\Src\stm32f1xx_hal_cortex.o
 .debug_aranges
                0x00000140       0x58 Drivers\STM32F1xx_HAL_Driver\Src\stm32f1xx_hal_gpio.o
 .debug_aranges
                0x00000198       0x88 Drivers\STM32F1xx_HAL_Driver\Src\stm32f1xx_hal_rcc.o
 .debug_aranges
                0x00000220      0x188 Drivers\STM32F1xx_HAL_Driver\Src\stm32f1xx_hal_spi.o
 .debug_aranges
                0x000003a8      0x170 Drivers\STM32F1xx_HAL_Driver\Src\stm32f1xx_hal_uart.o
 .debug_aranges
                0x00000518      0x1d8 Src\MY_NRF24.o
 .debug_aranges
                0x000006f0       0x30 Src\main.o
 .debug_aranges
                0x00000720       0x40 Src\stm32f1xx_hal_msp.o
 .debug_aranges
                0x00000760       0x48 Src\stm32f1xx_it.o
 .debug_aranges
                0x000007a8       0xb0 Src\syscalls.o
 .debug_aranges
                0x00000858       0x28 Src\system_stm32f1xx.o
 .debug_aranges
                0x00000880       0x28 startup\startup_stm32f103xb.o

.debug_ranges   0x00000000      0xa70
 .debug_ranges  0x00000000       0xa0 Drivers\STM32F1xx_HAL_Driver\Src\stm32f1xx_hal.o
 .debug_ranges  0x000000a0      0x128 Drivers\STM32F1xx_HAL_Driver\Src\stm32f1xx_hal_cortex.o
 .debug_ranges  0x000001c8       0x60 Drivers\STM32F1xx_HAL_Driver\Src\stm32f1xx_hal_gpio.o
 .debug_ranges  0x00000228       0xa0 Drivers\STM32F1xx_HAL_Driver\Src\stm32f1xx_hal_rcc.o
 .debug_ranges  0x000002c8      0x1d8 Drivers\STM32F1xx_HAL_Driver\Src\stm32f1xx_hal_spi.o
 .debug_ranges  0x000004a0      0x190 Drivers\STM32F1xx_HAL_Driver\Src\stm32f1xx_hal_uart.o
 .debug_ranges  0x00000630      0x1e0 Src\MY_NRF24.o
 .debug_ranges  0x00000810       0xc8 Src\main.o
 .debug_ranges  0x000008d8       0x88 Src\stm32f1xx_hal_msp.o
 .debug_ranges  0x00000960       0x38 Src\stm32f1xx_it.o
 .debug_ranges  0x00000998       0xa0 Src\syscalls.o
 .debug_ranges  0x00000a38       0x18 Src\system_stm32f1xx.o
 .debug_ranges  0x00000a50       0x20 startup\startup_stm32f103xb.o

.debug_line     0x00000000     0x4515
 .debug_line    0x00000000      0x3fa Drivers\STM32F1xx_HAL_Driver\Src\stm32f1xx_hal.o
 .debug_line    0x000003fa      0x420 Drivers\STM32F1xx_HAL_Driver\Src\stm32f1xx_hal_cortex.o
 .debug_line    0x0000081a      0x439 Drivers\STM32F1xx_HAL_Driver\Src\stm32f1xx_hal_gpio.o
 .debug_line    0x00000c53      0x5ed Drivers\STM32F1xx_HAL_Driver\Src\stm32f1xx_hal_rcc.o
 .debug_line    0x00001240      0xbd9 Drivers\STM32F1xx_HAL_Driver\Src\stm32f1xx_hal_spi.o
 .debug_line    0x00001e19      0xc33 Drivers\STM32F1xx_HAL_Driver\Src\stm32f1xx_hal_uart.o
 .debug_line    0x00002a4c      0x9df Src\MY_NRF24.o
 .debug_line    0x0000342b      0x452 Src\main.o
 .debug_line    0x0000387d      0x35b Src\stm32f1xx_hal_msp.o
 .debug_line    0x00003bd8      0x2a2 Src\stm32f1xx_it.o
 .debug_line    0x00003e7a      0x3a8 Src\syscalls.o
 .debug_line    0x00004222      0x276 Src\system_stm32f1xx.o
 .debug_line    0x00004498       0x7d startup\startup_stm32f103xb.o

.debug_str      0x00000000     0x2cd0
 .debug_str     0x00000000      0xae1 Drivers\STM32F1xx_HAL_Driver\Src\stm32f1xx_hal.o
                                0xbaa (size before relaxing)
 .debug_str     0x00000ae1      0x2e1 Drivers\STM32F1xx_HAL_Driver\Src\stm32f1xx_hal_cortex.o
                                0xd0e (size before relaxing)
 .debug_str     0x00000dc2      0x1d6 Drivers\STM32F1xx_HAL_Driver\Src\stm32f1xx_hal_gpio.o
                                0x87b (size before relaxing)
 .debug_str     0x00000f98      0x326 Drivers\STM32F1xx_HAL_Driver\Src\stm32f1xx_hal_rcc.o
                                0xa59 (size before relaxing)
 .debug_str     0x000012be      0x896 Drivers\STM32F1xx_HAL_Driver\Src\stm32f1xx_hal_spi.o
                                0xf4e (size before relaxing)
 .debug_str     0x00001b54      0x675 Drivers\STM32F1xx_HAL_Driver\Src\stm32f1xx_hal_uart.o
                                0xfc3 (size before relaxing)
 .debug_str     0x000021c9      0x70c Src\MY_NRF24.o
                               0x12fc (size before relaxing)
 .debug_str     0x000028d5       0xa1 Src\main.o
                                0xf1f (size before relaxing)
 .debug_str     0x00002976       0x1b Src\stm32f1xx_hal_msp.o
                                0xc3e (size before relaxing)
 .debug_str     0x00002991       0xa6 Src\stm32f1xx_it.o
                                0x6a6 (size before relaxing)
 .debug_str     0x00002a37      0x24c Src\syscalls.o
                                0x849 (size before relaxing)
 .debug_str     0x00002c83       0x4d Src\system_stm32f1xx.o
                                0x6e4 (size before relaxing)

.comment        0x00000000       0x7c
 .comment       0x00000000       0x7c Drivers\STM32F1xx_HAL_Driver\Src\stm32f1xx_hal.o
                                 0x7d (size before relaxing)
 .comment       0x0000007c       0x7d Drivers\STM32F1xx_HAL_Driver\Src\stm32f1xx_hal_cortex.o
 .comment       0x0000007c       0x7d Drivers\STM32F1xx_HAL_Driver\Src\stm32f1xx_hal_gpio.o
 .comment       0x0000007c       0x7d Drivers\STM32F1xx_HAL_Driver\Src\stm32f1xx_hal_rcc.o
 .comment       0x0000007c       0x7d Drivers\STM32F1xx_HAL_Driver\Src\stm32f1xx_hal_spi.o
 .comment       0x0000007c       0x7d Drivers\STM32F1xx_HAL_Driver\Src\stm32f1xx_hal_uart.o
 .comment       0x0000007c       0x7d Src\MY_NRF24.o
 .comment       0x0000007c       0x7d Src\main.o
 .comment       0x0000007c       0x7d Src\stm32f1xx_hal_msp.o
 .comment       0x0000007c       0x7d Src\stm32f1xx_it.o
 .comment       0x0000007c       0x7d Src\syscalls.o
 .comment       0x0000007c       0x7d Src\system_stm32f1xx.o

.debug_frame    0x00000000     0x1ba4
 .debug_frame   0x00000000      0x174 Drivers\STM32F1xx_HAL_Driver\Src\stm32f1xx_hal.o
 .debug_frame   0x00000174      0x120 Drivers\STM32F1xx_HAL_Driver\Src\stm32f1xx_hal_cortex.o
 .debug_frame   0x00000294       0xd4 Drivers\STM32F1xx_HAL_Driver\Src\stm32f1xx_hal_gpio.o
 .debug_frame   0x00000368      0x144 Drivers\STM32F1xx_HAL_Driver\Src\stm32f1xx_hal_rcc.o
 .debug_frame   0x000004ac      0x570 Drivers\STM32F1xx_HAL_Driver\Src\stm32f1xx_hal_spi.o
 .debug_frame   0x00000a1c      0x4a0 Drivers\STM32F1xx_HAL_Driver\Src\stm32f1xx_hal_uart.o
 .debug_frame   0x00000ebc      0x5b0 Src\MY_NRF24.o
 .debug_frame   0x0000146c       0x5c Src\main.o
 .debug_frame   0x000014c8       0x88 Src\stm32f1xx_hal_msp.o
 .debug_frame   0x00001550       0xa0 Src\stm32f1xx_it.o
 .debug_frame   0x000015f0      0x1a8 Src\syscalls.o
 .debug_frame   0x00001798       0x30 Src\system_stm32f1xx.o
 .debug_frame   0x000017c8       0x20 c:/program files/atollic/truestudio for stm32 9.3.0/armtools/bin/../lib/gcc/arm-atollic-eabi/6.3.1/../../../../arm-atollic-eabi/lib/armv7-m\libc_nano.a(lib_a-errno.o)
 .debug_frame   0x000017e8       0x2c c:/program files/atollic/truestudio for stm32 9.3.0/armtools/bin/../lib/gcc/arm-atollic-eabi/6.3.1/../../../../arm-atollic-eabi/lib/armv7-m\libc_nano.a(lib_a-init.o)
 .debug_frame   0x00001814       0x28 c:/program files/atollic/truestudio for stm32 9.3.0/armtools/bin/../lib/gcc/arm-atollic-eabi/6.3.1/../../../../arm-atollic-eabi/lib/armv7-m\libc_nano.a(lib_a-memcpy-stub.o)
 .debug_frame   0x0000183c       0x20 c:/program files/atollic/truestudio for stm32 9.3.0/armtools/bin/../lib/gcc/arm-atollic-eabi/6.3.1/../../../../arm-atollic-eabi/lib/armv7-m\libc_nano.a(lib_a-memset.o)
 .debug_frame   0x0000185c       0x70 c:/program files/atollic/truestudio for stm32 9.3.0/armtools/bin/../lib/gcc/arm-atollic-eabi/6.3.1/../../../../arm-atollic-eabi/lib/armv7-m\libc_nano.a(lib_a-sprintf.o)
 .debug_frame   0x000018cc       0x20 c:/program files/atollic/truestudio for stm32 9.3.0/armtools/bin/../lib/gcc/arm-atollic-eabi/6.3.1/../../../../arm-atollic-eabi/lib/armv7-m\libc_nano.a(lib_a-strcpy.o)
 .debug_frame   0x000018ec       0x90 c:/program files/atollic/truestudio for stm32 9.3.0/armtools/bin/../lib/gcc/arm-atollic-eabi/6.3.1/../../../../arm-atollic-eabi/lib/armv7-m\libc_nano.a(lib_a-nano-svfprintf.o)
 .debug_frame   0x0000197c       0x60 c:/program files/atollic/truestudio for stm32 9.3.0/armtools/bin/../lib/gcc/arm-atollic-eabi/6.3.1/../../../../arm-atollic-eabi/lib/armv7-m\libc_nano.a(lib_a-nano-vfprintf_i.o)
 .debug_frame   0x000019dc       0x28 c:/program files/atollic/truestudio for stm32 9.3.0/armtools/bin/../lib/gcc/arm-atollic-eabi/6.3.1/../../../../arm-atollic-eabi/lib/armv7-m\libc_nano.a(lib_a-memchr-stub.o)
 .debug_frame   0x00001a04       0x28 c:/program files/atollic/truestudio for stm32 9.3.0/armtools/bin/../lib/gcc/arm-atollic-eabi/6.3.1/../../../../arm-atollic-eabi/lib/armv7-m\libc_nano.a(lib_a-memmove.o)
 .debug_frame   0x00001a2c       0x38 c:/program files/atollic/truestudio for stm32 9.3.0/armtools/bin/../lib/gcc/arm-atollic-eabi/6.3.1/../../../../arm-atollic-eabi/lib/armv7-m\libc_nano.a(lib_a-nano-freer.o)
 .debug_frame   0x00001a64       0x2c c:/program files/atollic/truestudio for stm32 9.3.0/armtools/bin/../lib/gcc/arm-atollic-eabi/6.3.1/../../../../arm-atollic-eabi/lib/armv7-m\libc_nano.a(lib_a-nano-mallocr.o)
 .debug_frame   0x00001a90       0x3c c:/program files/atollic/truestudio for stm32 9.3.0/armtools/bin/../lib/gcc/arm-atollic-eabi/6.3.1/../../../../arm-atollic-eabi/lib/armv7-m\libc_nano.a(lib_a-nano-reallocr.o)
 .debug_frame   0x00001acc       0x2c c:/program files/atollic/truestudio for stm32 9.3.0/armtools/bin/../lib/gcc/arm-atollic-eabi/6.3.1/../../../../arm-atollic-eabi/lib/armv7-m\libc_nano.a(lib_a-sbrkr.o)
 .debug_frame   0x00001af8       0x30 c:/program files/atollic/truestudio for stm32 9.3.0/armtools/bin/../lib/gcc/arm-atollic-eabi/6.3.1/../../../../arm-atollic-eabi/lib/armv7-m\libc_nano.a(lib_a-mlock.o)
 .debug_frame   0x00001b28       0x20 c:/program files/atollic/truestudio for stm32 9.3.0/armtools/bin/../lib/gcc/arm-atollic-eabi/6.3.1/../../../../arm-atollic-eabi/lib/armv7-m\libc_nano.a(lib_a-nano-msizer.o)
 .debug_frame   0x00001b48       0x5c c:/program files/atollic/truestudio for stm32 9.3.0/armtools/bin/../lib/gcc/arm-atollic-eabi/6.3.1/../../../../arm-atollic-eabi/lib/armv7-m\libc_nano.a(lib_a-reent.o)
