MY_NRF24.c:54:6:NRF24_csn.part.0	0	static
MY_NRF24.c:60:6:NRF24_ce.part.1	0	static
MY_NRF24.c:48:6:NRF24_DelayMicroSeconds	0	static
MY_NRF24.c:54:6:NRF24_csn	0	static
MY_NRF24.c:60:6:NRF24_ce	0	static
MY_NRF24.c:66:9:NRF24_read_register	16	static
MY_NRF24.c:83:6:NRF24_read_registerN	24	static
MY_NRF24.c:98:6:NRF24_write_register	24	static
MY_NRF24.c:111:6:NRF24_write_registerN	24	static
MY_NRF24.c:124:6:NRF24_write_payload	24	static
MY_NRF24.c:137:6:NRF24_read_payload	24	static
MY_NRF24.c:151:6:NRF24_flush_tx	0	static
MY_NRF24.c:156:6:NRF24_flush_rx	0	static
MY_NRF24.c:161:9:NRF24_get_status	0	static
MY_NRF24.c:242:6:NRF24_startListening	8	static
MY_NRF24.c:259:6:NRF24_stopListening	8	static
MY_NRF24.c:316:6:NRF24_openWritingPipe	16	static
MY_NRF24.c:325:6:NRF24_openReadingPipe	16	static
MY_NRF24.c:349:6:NRF24_setRetries	0	static
MY_NRF24.c:355:6:NRF24_setChannel	0	static
MY_NRF24.c:361:6:NRF24_setPayloadSize	0	static
MY_NRF24.c:367:9:NRF24_getPayloadSize	0	static
MY_NRF24.c:372:9:NRF24_getDynamicPayloadSize	0	static
MY_NRF24.c:307:6:NRF24_read	8	static
MY_NRF24.c:404:6:NRF24_disableDynamicPayloads	8	static
MY_NRF24.c:412:6:NRF24_isNRF_Plus	0	static
MY_NRF24.c:417:6:NRF24_setAutoAck	0	static
MY_NRF24.c:425:6:NRF24_setAutoAckPipe	16	static
MY_NRF24.c:442:6:NRF24_setPALevel	8	static
MY_NRF24.c:473:15:NRF24_getPALevel	8	static
MY_NRF24.c:499:6:NRF24_setDataRate	16	static
MY_NRF24.c:544:17:NRF24_getDataRate	8	static
MY_NRF24.c:569:6:NRF24_setCRCLength	8	static
MY_NRF24.c:590:18:NRF24_getCRCLength	8	static
MY_NRF24.c:606:6:NRF24_disableCRC	8	static
MY_NRF24.c:612:6:NRF24_powerUp	8	static
MY_NRF24.c:617:6:NRF24_powerDown	8	static
MY_NRF24.c:622:6:NRF24_availablePipe	16	static
MY_NRF24.c:302:6:NRF24_available	0	static
MY_NRF24.c:646:6:NRF24_startWrite	16	static
MY_NRF24.c:662:6:NRF24_writeAckPayload	16	static
MY_NRF24.c:673:6:NRF24_isAckPayloadAvailable	0	static
MY_NRF24.c:680:6:NRF24_whatHappened	24	static
MY_NRF24.c:696:6:NRF24_testRPD	8	static
MY_NRF24.c:691:6:NRF24_testCarrier	0	static
MY_NRF24.c:702:6:NRF24_resetStatus	0	static
MY_NRF24.c:708:6:NRF24_ACTIVATE_cmd	16	static
MY_NRF24.c:377:6:NRF24_enableAckPayload	8	static
MY_NRF24.c:390:6:NRF24_enableDynamicPayloads	8	static
MY_NRF24.c:719:9:NRF24_GetAckPayloadSize	0	static
MY_NRF24.c:724:6:printRadioSettings	136	static
MY_NRF24.c:169:6:NRF24_begin	24	static
MY_NRF24.c:851:6:printStatusReg	136	static
MY_NRF24.c:867:6:printConfigReg	120	static
MY_NRF24.c:266:6:NRF24_write	24	static
MY_NRF24.c:885:6:nrf24_DebugUART_Init	12	static
MY_NRF24.c:890:6:printFIFOstatus	128	static
